// Jest Snapshot v1, https://goo.gl/fbAQLP

exports[`DetailsAndEdit component if user can edit renders dropdown and edit button 1`] = `
<div class="link-details oc-flex oc-flex-between oc-flex-middle oc-pl-s">
  <div>
    <oc-button-stub appearance="raw" class="edit-public-link-role-dropdown-toggle oc-text-left" gapsize="none" id="edit-public-link-role-dropdown-toggle-undefined" justifycontent="center" size="medium" submit="button" type="button" variation="passive">
      <span class="link-current-role">Viewer</span>
      <oc-icon-stub accessiblelabel="" color="" filltype="fill" name="arrow-down-s" size="medium" type="span" variation="passive"></oc-icon-stub>
    </oc-button-stub>
    <oc-drop-stub class="edit-public-link-role-dropdown" dropid="edit-public-link-role-dropdown" mode="click" offset="0" paddingsize="small" position="bottom-start" toggle="#edit-public-link-role-dropdown-toggle-undefined">
      <oc-list-stub class="roleDropdownList">
        <li>
          <oc-button-stub appearance="raw" class="oc-p-s" gapsize="medium" id="files-role-internal" justifycontent="space-between" size="medium" submit="button" type="button" variation="passive">
            <span class="oc-flex oc-flex-middle">
              <oc-icon-stub accessiblelabel="" class="oc-pl-s oc-pr-m" color="" filltype="fill" name="user" size="medium" type="span" variation="passive"></oc-icon-stub>
              <span>
                <span class="oc-text-bold oc-display-block oc-width-1-1">Internal</span>
                <span class="oc-text-small">People need to be invited and login is required</span>
              </span>
            </span>
            <span class="oc-flex">
              <!--v-if-->
            </span>
          </oc-button-stub>
        </li>
        <li>
          <oc-button-stub appearance="raw" class="selected oc-background-primary-gradient oc-p-s" gapsize="medium" id="files-role-viewer" justifycontent="space-between" size="medium" submit="button" type="button" variation="inverse">
            <span class="oc-flex oc-flex-middle">
              <oc-icon-stub accessiblelabel="" class="oc-pl-s oc-pr-m" color="" filltype="fill" name="eye" size="medium" type="span" variation="passive"></oc-icon-stub>
              <span>
                <span class="oc-text-bold oc-display-block oc-width-1-1">Viewer</span>
                <span class="oc-text-small">Recipients can view and download contents.</span>
              </span>
            </span>
            <span class="oc-flex">
              <oc-icon-stub accessiblelabel="" color="" filltype="fill" name="check" size="medium" type="span" variation="passive"></oc-icon-stub>
            </span>
          </oc-button-stub>
        </li>
        <li>
          <oc-button-stub appearance="raw" class="oc-p-s" gapsize="medium" id="files-role-editor" justifycontent="space-between" size="medium" submit="button" type="button" variation="passive">
            <span class="oc-flex oc-flex-middle">
              <oc-icon-stub accessiblelabel="" class="oc-pl-s oc-pr-m" color="" filltype="fill" name="pencil" size="medium" type="span" variation="passive"></oc-icon-stub>
              <span>
                <span class="oc-text-bold oc-display-block oc-width-1-1">Editor</span>
                <span class="oc-text-small">Recipients can view, download and edit contents.</span>
              </span>
            </span>
            <span class="oc-flex">
              <!--v-if-->
            </span>
          </oc-button-stub>
        </li>
      </oc-list-stub>
    </oc-drop-stub>
  </div>
  <div class="details-buttons">
    <!--v-if-->
    <!--v-if-->
    <!--v-if-->
    <div>
      <oc-button-stub appearance="raw" class="edit-drop-trigger" gapsize="medium" id="edit-public-link-dropdown-toggl-undefined" justifycontent="center" size="medium" submit="button" type="button" variation="passive">
        <oc-icon-stub accessiblelabel="" color="" filltype="fill" name="more-2" size="medium" type="span" variation="passive"></oc-icon-stub>
      </oc-button-stub>
      <oc-drop-stub dropid="edit-public-link-dropdown" mode="click" paddingsize="small" position="bottom-start" toggle="#edit-public-link-dropdown-toggl-undefined">
        <oc-list-stub class="edit-public-link-dropdown-menu oc-files-context-actions-border oc-pb-s">
          <li class="oc-rounded oc-menu-item-hover">
            <oc-button-stub appearance="raw" class="oc-p-s action-menu-item" gapsize="medium" justifycontent="center" size="medium" submit="button" type="button" variation="passive">
              <oc-icon-stub accessiblelabel="" color="" filltype="line" name="pencil" size="medium" type="span" variation="passive"></oc-icon-stub>
              <span>Rename</span>
            </oc-button-stub>
          </li>
          <li class="oc-rounded oc-menu-item-hover">
            <date-picker-stub class="link-expiry-picker oc-datepicker link-expiry-picker" inputdebounce="1000" locale="en" min-date="Wed Apr 01 2020 00:00:00 GMT+0000 (Coordinated Universal Time)" mode="date" modelconfig="[object Object]" popover="[object Object]" updateoninput="true">
              <!-- @slot Default slot to use as the popover anchor for datepicker -->
              <!-- args is undefined during initial render, hence we check it here -->
              <!--v-if-->
            </date-picker-stub>
          </li>
          <li class="oc-rounded oc-menu-item-hover">
            <oc-button-stub appearance="raw" class="oc-p-s action-menu-item" gapsize="medium" justifycontent="center" size="medium" submit="button" type="button" variation="passive">
              <oc-icon-stub accessiblelabel="" color="" filltype="line" name="lock-password" size="medium" type="span" variation="passive"></oc-icon-stub>
              <span>Add password</span>
            </oc-button-stub>
          </li>
        </oc-list-stub>
        <oc-list-stub class="edit-public-link-dropdown-menu oc-pt-s">
          <li class="oc-rounded oc-menu-item-hover">
            <oc-button-stub appearance="raw" class="oc-p-s action-menu-item" gapsize="medium" justifycontent="center" size="medium" submit="button" type="button" variation="passive">
              <oc-icon-stub accessiblelabel="" color="" filltype="line" name="delete-bin-5" size="medium" type="span" variation="passive"></oc-icon-stub>
              <span>Delete link</span>
            </oc-button-stub>
          </li>
        </oc-list-stub>
      </oc-drop-stub>
    </div>
  </div>
</div>
`;

exports[`DetailsAndEdit component if user can not edit does not render dropdown or edit button 1`] = `
<div class="link-details oc-flex oc-flex-between oc-flex-middle oc-pl-s">
  <p class="oc-my-rm">
    <span class="link-current-role">Viewer</span>
  </p>
  <div class="oc-pr-s details-buttons">
    <!--v-if-->
    <!--v-if-->
    <!--v-if-->
    <!--v-if-->
  </div>
</div>
`;
