// Jest Snapshot v1, https://goo.gl/fbAQLP

exports[`GroupSelect renders the select input 1`] = `
<div id="user-group-select-form">
  <oc-select-stub class="oc-mb-s" clearable="false" disabled="false" filter="[Function]" fix-message-line="true" id="oc-select-1" label="Groups" loading="false" model-value="undefined" multiple="" optionlabel="displayName" options="undefined" searchable="true"></oc-select-stub>
</div>
`;
