// Vitest Snapshot v1, https://vitest.dev/guide/snapshot.html

exports[`Collaborator ListItem component > share inheritance indicators > show when sharedParentRoute is given 1`] = `
"<div data-v-ccf14be2="" data-testid="collaborator-user-item-einstein" class="files-collaborators-collaborator oc-py-xs">
  <div data-v-ccf14be2="" class="oc-width-1-1 oc-flex oc-flex-middle files-collaborators-collaborator-details">
    <div data-v-ccf14be2="" class="oc-width-2-3 oc-flex oc-flex-middle">
      <div data-v-ccf14be2="">
        <avatar-image-stub data-v-ccf14be2="" userid="3" user-name="einstein" width="36" class="files-collaborators-collaborator-indicator"></avatar-image-stub>
      </div>
      <div data-v-ccf14be2="" class="oc-pl-s oc-text-truncate">
        <div data-v-ccf14be2="" class="oc-text-truncate"><span data-v-ccf14be2="" aria-hidden="true" class="files-collaborators-collaborator-name">einstein</span> <span data-v-ccf14be2="" class="oc-invisible-sr">Share receiver name: einstein</span></div>
        <div data-v-ccf14be2="">
          <div data-v-ccf14be2="" class="oc-flex oc-flex-nowrap oc-flex-middle">
            <role-dropdown-stub data-v-ccf14be2="" existingrole="undefined" domselector="1" mode="edit" showicon="false" islocked="false" class="files-collaborators-collaborator-role"></role-dropdown-stub>
          </div>
        </div>
      </div>
    </div>
    <div data-v-ccf14be2="" class="oc-flex oc-flex-middle oc-width-1-3 files-collaborators-collaborator-navigation">
      <div data-v-ccf14be2="" class="oc-resource-indicators oc-text-truncate">
        <router-link-stub data-v-ccf14be2="" class="parent-folder oc-text-truncate" to="[object Object]"><span data-v-ccf14be2="" class="text">via</span>
          <oc-icon-stub data-v-ccf14be2="" name="folder-2" size="small" fill-type="line" class="oc-px-xs"></oc-icon-stub> <span data-v-ccf14be2="" class="text oc-text-truncate">folder</span>
        </router-link-stub>
      </div>
      <!--v-if-->
      <edit-dropdown-stub data-v-ccf14be2="" sharecategory="user" caneditordelete="true" issharedenied="false" deniable="false" islocked="false" id="edit-drop-down-00000000-0000-0000-0000-000000000000" class="files-collaborators-collaborator-edit" data-testid="collaborator-edit"></edit-dropdown-stub>
      <oc-info-drop-stub data-v-ccf14be2="" class="share-access-details-drop" title="Access details" list="[object Object],[object Object],[object Object],[object Object],[object Object],[object Object],[object Object],[object Object],[object Object],[object Object]" mode="manual" target="#edit-drop-down-00000000-0000-0000-0000-000000000000"></oc-info-drop-stub>
    </div>
  </div>
</div>"
`;
