// Jest Snapshot v1, https://goo.gl/fbAQLP

exports[`Projects view different files view states lists all available project spaces 1`] = `
<div class="oc-flex">
  <div class="files-view-wrapper oc-width-expand">
    <div id="files-view">
      <app-bar-stub breadcrumbs="[object Object]" breadcrumbscontextactionsitems="" hassidebartoggle="true" showactionsonselection="true"></app-bar-stub>
      <div class="spaces-list oc-px-m oc-mt-l">
        <div>
          <ul class="oc-list oc-my-rm oc-mx-rm oc-tiles oc-flex">
            <li class="oc-tiles-item">
              <oc-tile-stub resource="undefined" resourceroute="[object Object]"></oc-tile-stub>
            </li>
            <li class="oc-tiles-item">
              <oc-tile-stub resource="undefined" resourceroute="[object Object]"></oc-tile-stub>
            </li>
          </ul>
        </div>
      </div>
    </div>
  </div>
  <side-bar-stub></side-bar-stub>
</div>
`;
