// Jest Snapshot v1, https://goo.gl/fbAQLP

exports[`Spaces component should only list drives of type "project" 1`] = `
<div class="oc-p-s">
  <h2>Spaces</h2> <span>Access all project related files in one place.</span> <a href="#">Learn more about spaces.</a>
  <h3>Your spaces</h3>
  <hr class="oc-mb-s">
  <div class="spaces-list">
    <div class="
          oc-grid
          oc-grid-match
          oc-grid-column-small
          oc-grid-row-large
          oc-text-center
          oc-child-width-1-3@s
        "><a href="#" class="oc-mb-m"><span class="spaces-list-card oc-border oc-card oc-card-default"><span class="oc-card-media-top oc-border-b"><span class="oc-px-m oc-py-m oc-icon oc-icon-xxl oc-icon-passive"><!----></span></span> <span class="oc-card-body"><span class="oc-card-title"></span></span>
        </span></a>
    </div>
  </div>
</div>
`;
