// Jest Snapshot v1, https://goo.gl/fbAQLP

exports[`Preview component should render preview component 1`] = `<oc-resource-stub folderlink="[object Object]" isextensiondisplayed="true" isicondisplayed="true" ispathdisplayed="true" isresourceclickable="true" isthumbnaildisplayed="false" parentfolderlink="[object Object]" parentfolderlinkiconadditionalattributes="[object Object]" parentfoldername="New space" pathprefix="Spaces/New space" resource="[object Object]"></oc-resource-stub>`;
