// Jest Snapshot v1, https://goo.gl/fbAQLP

exports[`SharedViaLink view when the view is not loading anymore when there are no files to be displayed should show no-content-message component 1`] = `
<div class="oc-flex">
  <div class="files-view-wrapper oc-width-expand">
    <div id="files-view">
      <app-bar-stub breadcrumbs="" breadcrumbscontextactionsitems="" hassharesnavigation="true" hassidebartoggle="true" hasviewoptions="true"></app-bar-stub>
      <div class="oc-height-1-1 oc-flex oc-flex-column oc-flex-center oc-flex-middle oc-text-center files-empty" id="files-shared-via-link-empty">
        <div class="oc-icon oc-icon-xxl oc-icon-passive">
          <!---->
        </div>
        <div class="oc-text-muted oc-text-xlarge"><span>There are no resources with a public link at the moment</span></div>
        <div class="oc-text-muted"></div>
      </div>
    </div>
  </div>
  <side-bar-stub></side-bar-stub>
</div>
`;
