// Jest Snapshot v1, https://goo.gl/fbAQLP

exports[`MembersRoleSection should render all members accordingly 1`] = `<ul class="oc-list" members="undefined,undefined"></ul>`;
