// Jest Snapshot v1, https://goo.gl/fbAQLP

exports[`SpaceContextActions action handlers renders actions that are always available: "Members", "Deleted files", "Details" 1`] = `
<div>
  <div id="oc-files-context-menu">
    <ul class="oc-list oc-my-rm oc-mx-rm oc-files-context-actions oc-pb-s oc-files-context-actions-border" id="oc-files-context-actions-members">
      <li class="oc-files-context-action oc-px-s oc-rounded oc-menu-item-hover">
        <button class="oc-button oc-rounded oc-button-s oc-button-justify-content-center oc-button-gap-m oc-button-passive oc-button-passive-raw oc-files-actions-show-details-trigger action-menu-item" type="button">
          <!-- @slot Content of the button -->
          <span class="oc-icon oc-icon-m oc-icon-passive">
            <!---->
          </span>
          <span class="oc-files-context-action-label">Members</span>
          <!--v-if-->
          <!--v-if-->
        </button>
      </li>
    </ul>
    <ul class="oc-list oc-my-rm oc-mx-rm oc-files-context-actions oc-pb-s oc-pt-s oc-files-context-actions-border" id="oc-files-context-actions-trashBin">
      <li class="oc-files-context-action oc-px-s oc-rounded oc-menu-item-hover">
        <button class="oc-button oc-rounded oc-button-s oc-button-justify-content-center oc-button-gap-m oc-button-passive oc-button-passive-raw oc-files-actions-delete-trigger action-menu-item" type="button">
          <!-- @slot Content of the button -->
          <span class="oc-icon oc-icon-m oc-icon-passive">
            <!---->
          </span>
          <span class="oc-files-context-action-label">Deleted files</span>
          <!--v-if-->
          <!--v-if-->
        </button>
      </li>
    </ul>
    <ul class="oc-list oc-my-rm oc-mx-rm oc-files-context-actions oc-pt-s" id="oc-files-context-actions-sidebar">
      <li class="oc-files-context-action oc-px-s oc-rounded oc-menu-item-hover">
        <button class="oc-button oc-rounded oc-button-s oc-button-justify-content-center oc-button-gap-m oc-button-passive oc-button-passive-raw oc-files-actions-show-details-trigger action-menu-item" type="button">
          <!-- @slot Content of the button -->
          <span class="oc-icon oc-icon-m oc-icon-passive">
            <!---->
          </span>
          <span class="oc-files-context-action-label">Details</span>
          <!--v-if-->
          <!--v-if-->
        </button>
      </li>
    </ul>
  </div>
  <!--v-if-->
  <!--v-if-->
  <input accept="image/*" id="space-image-upload-input" multiple="" name="file" tabindex="-1" type="file">
</div>
`;
