// Jest Snapshot v1, https://goo.gl/fbAQLP

exports[`LinkEdit expiration date picker field required field label should have the required label if link expiration date is enforced 1`] = `
<span id="oc-files-file-link-expire-date" data-testid="recipient-datepicker" class="oc-datepicker files-recipient-expiration-datepicker" min-date="Thu Apr 02 2020 00:00:00 GMT+0100 (Western European Summer Time)" max-date="Thu Apr 02 2020 00:00:00 GMT+0100 (Western European Summer Time)" locale="en" is-required="true" value="Thu Apr 02 2020 00:00:00 GMT+0100 (Western European Summer Time)"><button class="uk-width-1-1 expiration-dialog-btn oc-button oc-button-m oc-button-justify-content-space-between oc-button-gap-xs oc-button-passive oc-button-passive-outline" id="files-links-expiration-btn" data-testid="recipient-datepicker-btn"><span>
              Expires in 1 day
            </span> <span class="oc-icon oc-icon-m oc-icon-passive"><!----></span></button>
<div data-v-05016e86="" class="vc-popover-content-wrapper">
  <transition-stub data-v-05016e86="" name="slide-fade" appear="true"></transition-stub>
</div>
</span>
`;

exports[`LinkEdit expiration date picker field required field label should not have the required label if link expiration date is not enforced 1`] = `
<span id="oc-files-file-link-expire-date" data-testid="recipient-datepicker" class="oc-datepicker files-recipient-expiration-datepicker" min-date="Thu Apr 02 2020 00:00:00 GMT+0100 (Western European Summer Time)" locale="en" value="Thu Apr 02 2020 00:00:00 GMT+0100 (Western European Summer Time)"><button class="uk-width-1-1 expiration-dialog-btn oc-button oc-button-m oc-button-justify-content-space-between oc-button-gap-xs oc-button-passive oc-button-passive-outline" id="files-links-expiration-btn" data-testid="recipient-datepicker-btn"><span>
              Expires in 1 day
            </span> <span class="oc-icon oc-icon-m oc-icon-passive"><!----></span></button>
<div data-v-05016e86="" class="vc-popover-content-wrapper">
  <transition-stub data-v-05016e86="" name="slide-fade" appear="true"></transition-stub>
</div>
</span>
`;

exports[`LinkEdit password field should have required label if password is enforced 1`] = `<oc-text-input-stub id="oc-files-file-link-password" type="password" clearbuttonaccessiblelabel="" label="Password (required)"></oc-text-input-stub>`;

exports[`LinkEdit password field should not have required label if password is not enforced 1`] = `<oc-text-input-stub id="oc-files-file-link-password" type="password" clearbuttonaccessiblelabel="" label="Password"></oc-text-input-stub>`;
