// Jest Snapshot v1, https://goo.gl/fbAQLP

exports[`Top Bar component Displays applications menu 1`] = `
<header aria-label="Top bar" class="oc-flex oc-flex-middle oc-flex-between oc-px-m" id="oc-topbar">
  <div class="oc-topbar-left oc-flex oc-flex-middle oc-flex-between">
    <applications-menu-stub applicationslist="[object Object],[object Object],[object Object]"></applications-menu-stub>
    <router-link-stub to="/"></router-link-stub>
  </div>
  <div class="portal-wrapper">
    <portal-target-stub multiple="" name="app.runtime.header"></portal-target-stub>
  </div>
  <div class="oc-topbar-right oc-flex oc-flex-middle oc-flex-between">
    <portal-target-stub multiple="" name="app.runtime.header.right"></portal-target-stub>
  </div>
  <portal order="50" to="app.runtime.header.right">
    <theme-switcher-stub></theme-switcher-stub>
    <feedback-link-stub></feedback-link-stub>
  </portal>
  <portal order="100" to="app.runtime.header.right">
    <!--v-if-->
    <user-menu-stub applicationslist="[object Object],[object Object],[object Object]"></user-menu-stub>
  </portal>
</header>
`;
