// Vitest Snapshot v1, https://vitest.dev/guide/snapshot.html

exports[`ResourceTiles component > renders a footer slot 1`] = `
"<div data-v-67d39700="" id="tiles-view" class="oc-px-m oc-pt-l">
  <!--v-if-->
  <oc-list data-v-67d39700="" class="oc-tiles oc-flex"> </oc-list>
  <!--v-if-->
  <div data-v-67d39700="" class="oc-tiles-footer">Hello, ResourceTiles footer!</div>
</div>"
`;

exports[`ResourceTiles component > renders an array of spaces correctly 1`] = `
"<div data-v-67d39700="" id="tiles-view" class="oc-px-m oc-pt-l">
  <!--v-if-->
  <oc-list data-v-67d39700="" class="oc-tiles oc-flex">
    <li data-v-67d39700="" class="oc-tiles-item has-item-context-menu">
      <resource-tile-stub data-v-67d39700="" resource="[object Object]" isresourceselected="false" isresourceclickable="true" isextensiondisplayed="true" resourceiconsize="xlarge" draggable="false" resourceroute="[object Object]"></resource-tile-stub>
    </li>
    <li data-v-67d39700="" class="oc-tiles-item has-item-context-menu">
      <resource-tile-stub data-v-67d39700="" resource="[object Object]" isresourceselected="false" isresourceclickable="true" isextensiondisplayed="true" resourceiconsize="xlarge" draggable="false" resourceroute="[object Object]"></resource-tile-stub>
    </li>
    <li data-v-67d39700="" class="ghost-tile" aria-hidden="true"></li>
    <li data-v-67d39700="" class="ghost-tile" aria-hidden="true"></li>
    <li data-v-67d39700="" class="ghost-tile" aria-hidden="true"></li>
    <li data-v-67d39700="" class="ghost-tile" aria-hidden="true"></li>
    <li data-v-67d39700="" class="ghost-tile" aria-hidden="true"></li>
  </oc-list>
  <!--v-if-->
  <div data-v-67d39700="" class="oc-tiles-footer"></div>
</div>"
`;
