// Jest Snapshot v1, https://goo.gl/fbAQLP

exports[`OcResourceIcon renders OcIcon for resource type file in size large 1`] = `<oc-icon-stub name="resource-type-file" filltype="fill" accessiblelabel="" type="span" size="large" variation="passive" color="var(--oc-color-text-default)" class="oc-resource-icon oc-resource-icon-file"></oc-icon-stub>`;

exports[`OcResourceIcon renders OcIcon for resource type file in size medium 1`] = `<oc-icon-stub name="resource-type-file" filltype="fill" accessiblelabel="" type="span" size="medium" variation="passive" color="var(--oc-color-text-default)" class="oc-resource-icon oc-resource-icon-file"></oc-icon-stub>`;

exports[`OcResourceIcon renders OcIcon for resource type file in size small 1`] = `<oc-icon-stub name="resource-type-file" filltype="fill" accessiblelabel="" type="span" size="small" variation="passive" color="var(--oc-color-text-default)" class="oc-resource-icon oc-resource-icon-file"></oc-icon-stub>`;

exports[`OcResourceIcon renders OcIcon for resource type file in size xlarge 1`] = `<oc-icon-stub name="resource-type-file" filltype="fill" accessiblelabel="" type="span" size="xlarge" variation="passive" color="var(--oc-color-text-default)" class="oc-resource-icon oc-resource-icon-file"></oc-icon-stub>`;

exports[`OcResourceIcon renders OcIcon for resource type file in size xsmall 1`] = `<oc-icon-stub name="resource-type-file" filltype="fill" accessiblelabel="" type="span" size="xsmall" variation="passive" color="var(--oc-color-text-default)" class="oc-resource-icon oc-resource-icon-file"></oc-icon-stub>`;

exports[`OcResourceIcon renders OcIcon for resource type file in size xxlarge 1`] = `<oc-icon-stub name="resource-type-file" filltype="fill" accessiblelabel="" type="span" size="xxlarge" variation="passive" color="var(--oc-color-text-default)" class="oc-resource-icon oc-resource-icon-file"></oc-icon-stub>`;

exports[`OcResourceIcon renders OcIcon for resource type file in size xxxlarge 1`] = `<oc-icon-stub name="resource-type-file" filltype="fill" accessiblelabel="" type="span" size="xxxlarge" variation="passive" color="var(--oc-color-text-default)" class="oc-resource-icon oc-resource-icon-file"></oc-icon-stub>`;

exports[`OcResourceIcon renders OcIcon for resource type folder in size large 1`] = `<oc-icon-stub name="resource-type-folder" filltype="fill" accessiblelabel="" type="span" size="large" variation="passive" color="var(--oc-color-icon-folder)" class="oc-resource-icon oc-resource-icon-folder"></oc-icon-stub>`;

exports[`OcResourceIcon renders OcIcon for resource type folder in size medium 1`] = `<oc-icon-stub name="resource-type-folder" filltype="fill" accessiblelabel="" type="span" size="medium" variation="passive" color="var(--oc-color-icon-folder)" class="oc-resource-icon oc-resource-icon-folder"></oc-icon-stub>`;

exports[`OcResourceIcon renders OcIcon for resource type folder in size small 1`] = `<oc-icon-stub name="resource-type-folder" filltype="fill" accessiblelabel="" type="span" size="small" variation="passive" color="var(--oc-color-icon-folder)" class="oc-resource-icon oc-resource-icon-folder"></oc-icon-stub>`;

exports[`OcResourceIcon renders OcIcon for resource type folder in size xlarge 1`] = `<oc-icon-stub name="resource-type-folder" filltype="fill" accessiblelabel="" type="span" size="xlarge" variation="passive" color="var(--oc-color-icon-folder)" class="oc-resource-icon oc-resource-icon-folder"></oc-icon-stub>`;

exports[`OcResourceIcon renders OcIcon for resource type folder in size xsmall 1`] = `<oc-icon-stub name="resource-type-folder" filltype="fill" accessiblelabel="" type="span" size="xsmall" variation="passive" color="var(--oc-color-icon-folder)" class="oc-resource-icon oc-resource-icon-folder"></oc-icon-stub>`;

exports[`OcResourceIcon renders OcIcon for resource type folder in size xxlarge 1`] = `<oc-icon-stub name="resource-type-folder" filltype="fill" accessiblelabel="" type="span" size="xxlarge" variation="passive" color="var(--oc-color-icon-folder)" class="oc-resource-icon oc-resource-icon-folder"></oc-icon-stub>`;

exports[`OcResourceIcon renders OcIcon for resource type folder in size xxxlarge 1`] = `<oc-icon-stub name="resource-type-folder" filltype="fill" accessiblelabel="" type="span" size="xxxlarge" variation="passive" color="var(--oc-color-icon-folder)" class="oc-resource-icon oc-resource-icon-folder"></oc-icon-stub>`;

exports[`OcResourceIcon renders OcIcon for resource type space in size large 1`] = `<oc-icon-stub name="layout-grid" filltype="fill" accessiblelabel="" type="span" size="large" variation="passive" color="var(--oc-color-swatch-passive-default)" class="oc-resource-icon oc-resource-icon-space"></oc-icon-stub>`;

exports[`OcResourceIcon renders OcIcon for resource type space in size medium 1`] = `<oc-icon-stub name="layout-grid" filltype="fill" accessiblelabel="" type="span" size="medium" variation="passive" color="var(--oc-color-swatch-passive-default)" class="oc-resource-icon oc-resource-icon-space"></oc-icon-stub>`;

exports[`OcResourceIcon renders OcIcon for resource type space in size small 1`] = `<oc-icon-stub name="layout-grid" filltype="fill" accessiblelabel="" type="span" size="small" variation="passive" color="var(--oc-color-swatch-passive-default)" class="oc-resource-icon oc-resource-icon-space"></oc-icon-stub>`;

exports[`OcResourceIcon renders OcIcon for resource type space in size xlarge 1`] = `<oc-icon-stub name="layout-grid" filltype="fill" accessiblelabel="" type="span" size="xlarge" variation="passive" color="var(--oc-color-swatch-passive-default)" class="oc-resource-icon oc-resource-icon-space"></oc-icon-stub>`;

exports[`OcResourceIcon renders OcIcon for resource type space in size xsmall 1`] = `<oc-icon-stub name="layout-grid" filltype="fill" accessiblelabel="" type="span" size="xsmall" variation="passive" color="var(--oc-color-swatch-passive-default)" class="oc-resource-icon oc-resource-icon-space"></oc-icon-stub>`;

exports[`OcResourceIcon renders OcIcon for resource type space in size xxlarge 1`] = `<oc-icon-stub name="layout-grid" filltype="fill" accessiblelabel="" type="span" size="xxlarge" variation="passive" color="var(--oc-color-swatch-passive-default)" class="oc-resource-icon oc-resource-icon-space"></oc-icon-stub>`;

exports[`OcResourceIcon renders OcIcon for resource type space in size xxxlarge 1`] = `<oc-icon-stub name="layout-grid" filltype="fill" accessiblelabel="" type="span" size="xxxlarge" variation="passive" color="var(--oc-color-swatch-passive-default)" class="oc-resource-icon oc-resource-icon-space"></oc-icon-stub>`;
