// Jest Snapshot v1, https://goo.gl/fbAQLP

exports[`ViewOptions component sets the correct initial files page limit 1`] = `
<div class="oc-flex oc-flex-middle">
  <!--v-if-->
  <oc-button-stub appearance="raw" arialabel="Display customization options of the files list" class="oc-my-s oc-p-xs" disabled="false" gapsize="medium" id="files-view-options-btn" justifycontent="center" size="medium" submit="button" type="button" variation="passive"></oc-button-stub>
  <div class="oc-drop oc-box-shadow-medium oc-rounded oc-width-auto" id="files-view-options-drop">
    <div class="oc-card oc-card-body oc-background-secondary oc-p-m">
      <ul class="oc-list oc-my-rm oc-mx-rm">
        <li class="files-view-options-list-item oc-mb-m">
          <span class="oc-switch">
            <span id="oc-switch-label-1">Show hidden files</span>
            <button aria-checked="false" aria-labelledby="oc-switch-label-1" class="oc-switch-btn" role="switch"></button>
          </span>
        </li>
        <li class="files-view-options-list-item oc-my-m">
          <span class="oc-switch">
            <span id="oc-switch-label-2">Show file extensions</span>
            <button aria-checked="false" aria-labelledby="oc-switch-label-2" class="oc-switch-btn" role="switch"></button>
          </span>
        </li>
        <li class="files-view-options-list-item oc-mt-m">
          <div class="oc-page-size files-pagination-size">
            <label class="oc-page-size-label" for="oc-page-size-3">Items per page</label>
            <oc-select-stub class="oc-page-size-select" clearable="false" disabled="false" filter="[Function]" id="oc-select-4" input-id="oc-page-size-3" loading="false" model-value="100" options="100,500" searchable="false"></oc-select-stub>
          </div>
        </li>
      </ul>
    </div>
  </div>
</div>
`;

exports[`ViewOptions component shows a viewmode switcher if more than one viewModes are passed 1`] = `
<div class="viewmode-switch-buttons oc-button-group oc-visible@s oc-mr-s">
  <oc-button-stub appearance="outline" arialabel="Switch to condensed table view" class="resource-table-condensed" disabled="false" gapsize="medium" justifycontent="center" size="medium" submit="button" type="button" variation="passive"></oc-button-stub>
  <oc-button-stub appearance="outline" arialabel="Switch to default table view" class="resource-table" disabled="false" gapsize="medium" justifycontent="center" size="medium" submit="button" type="button" variation="passive"></oc-button-stub>
</div>
`;
