// Jest Snapshot v1, https://goo.gl/fbAQLP

exports[`The app provider extension should be able to load an iFrame via get 1`] = `
<!--v-if-->

<!--v-if-->
`;

exports[`The app provider extension should be able to load an iFrame via post 1`] = `
<!--v-if-->

<!--v-if-->
`;

exports[`The app provider extension should fail for unauthenticated users 1`] = `
<!--v-if-->

<!--v-if-->
`;
