// Jest Snapshot v1, https://goo.gl/fbAQLP

exports[`The app provider extension should be able to load an iFrame via get 1`] = `
<main class="uk-height-viewport uk-flex uk-flex-center uk-flex-middle">
  <h1 class="oc-invisible-sr">"exampleApp" app page</h1>
  <loadingscreen-stub></loadingscreen-stub>
  <!---->
  <!---->
</main>
`;

exports[`The app provider extension should be able to load an iFrame via post 1`] = `
<main class="uk-height-viewport uk-flex uk-flex-center uk-flex-middle">
  <h1 class="oc-invisible-sr">"exampleApp" app page</h1>
  <loadingscreen-stub></loadingscreen-stub>
  <!---->
  <!---->
</main>
`;

exports[`The app provider extension should fail for unauthenticated users 1`] = `
<main class="uk-height-viewport uk-flex uk-flex-center uk-flex-middle">
  <h1 class="oc-invisible-sr">"exampleApp" app page</h1>
  <loadingscreen-stub></loadingscreen-stub>
  <!---->
  <!---->
</main>
`;

exports[`The app provider extension should show a loading spinner while loading 1`] = `
<main class="uk-height-viewport uk-flex uk-flex-center uk-flex-middle">
  <h1 class="oc-invisible-sr">"exampleApp" app page</h1>
  <loadingscreen-stub></loadingscreen-stub>
  <!---->
  <!---->
</main>
`;

exports[`The app provider extension should show a meaningful message if an error occurs during loading 1`] = `
<main class="uk-height-viewport uk-flex uk-flex-center uk-flex-middle">
  <h1 class="oc-invisible-sr">"exampleApp" app page</h1>
  <loadingscreen-stub></loadingscreen-stub>
  <!---->
  <!---->
</main>
`;
