// Jest Snapshot v1, https://goo.gl/fbAQLP

exports[`SharedViaLink view when the view is not loading anymore when there are no files to be displayed should show no-content-message component 1`] = `
<div>
  <div class="uk-height-1-1 uk-flex uk-flex-column uk-flex-center uk-flex-middle uk-text-center files-empty" id="files-shared-via-link-empty">
    <div class="oc-icon oc-icon-xxl oc-icon-passive">
      <!---->
    </div>
    <div class="oc-text-muted uk-text-large"><span data-msgid="There are no resources with a public link at the moment" data-current-language="en_US">There are no resources with a public link at the moment</span></div>
    <div class="oc-text-muted"></div>
  </div>
</div>
`;
