// Jest Snapshot v1, https://goo.gl/fbAQLP

exports[`Text editor app shows the editor 1`] = `
<div class="oc-width-1-1 oc-height-1-1">
  <!--v-if-->
  <!--v-if-->
</div>
`;
