// Jest Snapshot v1, https://goo.gl/fbAQLP

exports[`FeedbackLink component has no accessibility violations 1`] = `
<div class="uk-flex"><a aria-label="ownCloud feedback survey" href="https://owncloud.com/web-design-feedback" class="oc-button oc-button-m oc-button-justify-content-center oc-button-gap-m oc-button-passive oc-button-passive-raw" target="_blank" aria-describedby="oc-feedback-link-description"><span class="oc-icon oc-icon-m oc-icon-inverse"><!----></span></a>
  <p id="oc-feedback-link-description" class="oc-invisible-sr">Provide your feedback: We'd like to improve the web design and would be happy to hear your feedback. Thank you! Your ownCloud team.</p>
</div>
`;
