// Jest Snapshot v1, https://goo.gl/fbAQLP

exports[`The external app error screen component displays an icon and a paragraph 1`] = `
<div class="uk-text-center">
  <ocicon-stub size="xxlarge" name="error-warning" fill-type="line"></ocicon-stub>
  <p class="oc-text-lead">Error when loading the application</p>
</div>
`;
